// Jest Snapshot v1, https://goo.gl/fbAQLP

exports[`Heading Snapshot test 1`] = `
.c0 {
  text-align: center;
  color: #4c4c4c;
}

<div>
  <h1
    class="c0"
  >
    test
  </h1>
</div>
`;
